                Step[ FC]     Time          Energy          fmax
BFGSLineSearch:    0[  0] 21:08:45       -0.013458       0.0000
                Step[ FC]     Time          Energy          fmax
BFGSLineSearch:    0[  0] 21:09:26       -0.013458       0.0000
                Step[ FC]     Time          Energy          fmax
BFGSLineSearch:    0[  0] 21:09:30       -0.013458       0.0000
                Step[ FC]     Time          Energy          fmax
BFGSLineSearch:    0[  0] 21:10:02       -0.013458       0.0000
                Step[ FC]     Time          Energy          fmax
BFGSLineSearch:    0[  0] 21:11:59       14.894293       8.3459
BFGSLineSearch:    1[  1] 21:11:59        5.372043       1.8596
BFGSLineSearch:    2[  2] 21:11:59        1.779235       3.8814
BFGSLineSearch:    3[  3] 21:11:59        0.344974       0.5983
BFGSLineSearch:    4[  4] 21:11:59        0.107853       0.2303
BFGSLineSearch:    5[  5] 21:12:00        0.036441       0.1090
BFGSLineSearch:    6[  6] 21:12:00        0.002594       0.0628
BFGSLineSearch:    7[  7] 21:12:00       -0.007350       0.0527
BFGSLineSearch:    8[  8] 21:12:00       -0.011832       0.0312
                Step[ FC]     Time          Energy          fmax
BFGSLineSearch:    0[  0] 21:13:07       14.894293       8.3459
BFGSLineSearch:    1[  1] 21:13:08        5.372043       1.8596
BFGSLineSearch:    2[  2] 21:13:08        1.779235       3.8814
BFGSLineSearch:    3[  3] 21:13:08        0.344974       0.5983
BFGSLineSearch:    4[  4] 21:13:08        0.107853       0.2303
BFGSLineSearch:    5[  5] 21:13:08        0.036441       0.1090
BFGSLineSearch:    6[  6] 21:13:08        0.002594       0.0628
BFGSLineSearch:    7[  7] 21:13:08       -0.007350       0.0527
BFGSLineSearch:    8[  8] 21:13:08       -0.011832       0.0312
                Step[ FC]     Time          Energy          fmax
BFGSLineSearch:    0[  0] 21:18:29       14.894293       8.3459
BFGSLineSearch:    1[  1] 21:18:29        5.372043       1.8596
BFGSLineSearch:    2[  2] 21:18:29        1.779235       3.8814
BFGSLineSearch:    3[  3] 21:18:29        0.344974       0.5983
BFGSLineSearch:    4[  4] 21:18:29        0.107853       0.2303
BFGSLineSearch:    5[  5] 21:18:29        0.036441       0.1090
BFGSLineSearch:    6[  6] 21:18:29        0.002594       0.0628
BFGSLineSearch:    7[  7] 21:18:29       -0.007350       0.0527
BFGSLineSearch:    8[  8] 21:18:29       -0.011832       0.0312
                Step[ FC]     Time          Energy          fmax
BFGSLineSearch:    0[  0] 21:24:32       14.894293       8.3459
BFGSLineSearch:    1[  1] 21:24:32        5.372043       1.8596
BFGSLineSearch:    2[  2] 21:24:32        1.779235       3.8814
BFGSLineSearch:    3[  3] 21:24:32        0.344974       0.5983
BFGSLineSearch:    4[  4] 21:24:32        0.107853       0.2303
BFGSLineSearch:    5[  5] 21:24:32        0.036441       0.1090
BFGSLineSearch:    6[  6] 21:24:32        0.002594       0.0628
BFGSLineSearch:    7[  7] 21:24:32       -0.007350       0.0527
BFGSLineSearch:    8[  8] 21:24:32       -0.011832       0.0312
                Step[ FC]     Time          Energy          fmax
BFGSLineSearch:    0[  0] 21:35:57       14.894293       8.3459
BFGSLineSearch:    1[  1] 21:35:57        5.372043       1.8596
BFGSLineSearch:    2[  2] 21:35:57        1.779235       3.8814
BFGSLineSearch:    3[  3] 21:35:57        0.344974       0.5983
BFGSLineSearch:    4[  4] 21:35:57        0.107853       0.2303
BFGSLineSearch:    5[  5] 21:35:57        0.036441       0.1090
BFGSLineSearch:    6[  6] 21:35:57        0.002594       0.0628
BFGSLineSearch:    7[  7] 21:35:57       -0.007350       0.0527
BFGSLineSearch:    8[  8] 21:35:57       -0.011832       0.0312
                Step[ FC]     Time          Energy          fmax
BFGSLineSearch:    0[  0] 23:00:04       14.894293       8.3459
BFGSLineSearch:    1[  1] 23:00:04        5.372043       1.8596
BFGSLineSearch:    2[  2] 23:00:04        1.779235       3.8814
BFGSLineSearch:    3[  3] 23:00:04        0.344974       0.5983
BFGSLineSearch:    4[  4] 23:00:04        0.107853       0.2303
BFGSLineSearch:    5[  5] 23:00:04        0.036441       0.1090
BFGSLineSearch:    6[  6] 23:00:04        0.002594       0.0628
BFGSLineSearch:    7[  7] 23:00:04       -0.007350       0.0527
BFGSLineSearch:    8[  8] 23:00:04       -0.011832       0.0312
