                Step[ FC]     Time          Energy          fmax
BFGSLineSearch:    0[  0] 21:33:20       14.894293       8.3459
                Step[ FC]     Time          Energy          fmax
BFGSLineSearch:    0[  0] 21:34:19       14.894293       8.3459
BFGSLineSearch:    1[  1] 21:34:19        5.372043       1.8596
BFGSLineSearch:    2[  2] 21:34:19        1.779235       3.8814
BFGSLineSearch:    3[  3] 21:34:20        0.344974       0.5983
BFGSLineSearch:    4[  4] 21:34:20        0.107853       0.2303
BFGSLineSearch:    5[  5] 21:34:20        0.036441       0.1090
BFGSLineSearch:    6[  6] 21:34:20        0.002594       0.0628
BFGSLineSearch:    7[  7] 21:34:20       -0.007350       0.0527
BFGSLineSearch:    8[  8] 21:34:20       -0.011832       0.0312
                Step[ FC]     Time          Energy          fmax
BFGSLineSearch:    0[  0] 21:40:38       14.894293       8.3459
BFGSLineSearch:    1[  1] 21:40:38        5.372043       1.8596
BFGSLineSearch:    2[  2] 21:40:38        1.779235       3.8814
BFGSLineSearch:    3[  3] 21:40:38        0.344974       0.5983
BFGSLineSearch:    4[  4] 21:40:38        0.107853       0.2303
BFGSLineSearch:    5[  5] 21:40:38        0.036441       0.1090
BFGSLineSearch:    6[  6] 21:40:38        0.002594       0.0628
BFGSLineSearch:    7[  7] 21:40:38       -0.007350       0.0527
BFGSLineSearch:    8[  8] 21:40:38       -0.011832       0.0312
                Step[ FC]     Time          Energy          fmax
BFGSLineSearch:    0[  0] 23:05:23       14.894293       8.3459
BFGSLineSearch:    1[  1] 23:05:23        5.372043       1.8596
BFGSLineSearch:    2[  2] 23:05:23        1.779235       3.8814
BFGSLineSearch:    3[  3] 23:05:23        0.344974       0.5983
BFGSLineSearch:    4[  4] 23:05:23        0.107853       0.2303
BFGSLineSearch:    5[  5] 23:05:23        0.036441       0.1090
BFGSLineSearch:    6[  6] 23:05:23        0.002594       0.0628
BFGSLineSearch:    7[  7] 23:05:23       -0.007350       0.0527
BFGSLineSearch:    8[  8] 23:05:23       -0.011832       0.0312
                Step[ FC]     Time          Energy          fmax
BFGSLineSearch:    0[  0] 09:20:08       14.894293       8.3459
BFGSLineSearch:    1[  1] 09:20:08        5.372043       1.8596
BFGSLineSearch:    2[  2] 09:20:09        1.779235       3.8814
BFGSLineSearch:    3[  3] 09:20:09        0.344974       0.5983
BFGSLineSearch:    4[  4] 09:20:09        0.107853       0.2303
BFGSLineSearch:    5[  5] 09:20:09        0.036441       0.1090
BFGSLineSearch:    6[  6] 09:20:09        0.002594       0.0628
BFGSLineSearch:    7[  7] 09:20:09       -0.007350       0.0527
BFGSLineSearch:    8[  8] 09:20:09       -0.011832       0.0312
